[layer 4] loaded coarse geometry cache /workspace/pr13_d1_decode_slice_pilot_20260824_v2/cache/coarse_geometry_layer_04.pkl
[layer 4] column-generating 29 rate-725 geometries
[layer 4] refined 8/29 geometries
[layer 4] refined 16/29 geometries
[layer 4] refined 24/29 geometries
[layer 4] refined 29/29 geometries
[decode VJP] layer=4 group=1/29 position=1 seconds=0.053
[decode VJP] layer=4 group=2/29 position=2 seconds=0.036
[decode VJP] layer=4 group=3/29 position=3 seconds=0.035
[decode VJP] layer=4 group=4/29 position=4 seconds=0.036
[decode VJP] layer=4 group=5/29 position=5 seconds=0.041
[decode VJP] layer=4 group=6/29 position=6 seconds=0.041
[decode VJP] layer=4 group=7/29 position=7 seconds=0.037
[decode VJP] layer=4 group=8/29 position=8 seconds=0.034
[decode VJP] layer=4 group=9/29 position=9 seconds=0.035
[decode VJP] layer=4 group=10/29 position=10 seconds=0.037
[decode VJP] layer=4 group=11/29 position=1 seconds=0.052
[decode VJP] layer=4 group=12/29 position=2 seconds=0.036
[decode VJP] layer=4 group=13/29 position=3 seconds=0.034
[decode VJP] layer=4 group=14/29 position=4 seconds=0.034
[decode VJP] layer=4 group=15/29 position=5 seconds=0.035
[decode VJP] layer=4 group=16/29 position=6 seconds=0.034
[decode VJP] layer=4 group=17/29 position=7 seconds=0.034
[decode VJP] layer=4 group=18/29 position=8 seconds=0.035
[decode VJP] layer=4 group=19/29 position=1 seconds=0.052
[decode VJP] layer=4 group=20/29 position=2 seconds=0.056
[decode VJP] layer=4 group=21/29 position=3 seconds=0.054
[decode VJP] layer=4 group=22/29 position=4 seconds=0.054
[decode VJP] layer=4 group=23/29 position=5 seconds=0.054
[decode VJP] layer=4 group=24/29 position=6 seconds=0.051
[decode VJP] layer=4 group=25/29 position=7 seconds=0.047
[decode VJP] layer=4 group=26/29 position=8 seconds=0.058
[decode VJP] layer=4 group=27/29 position=9 seconds=0.045
[decode VJP] layer=4 group=28/29 position=10 seconds=0.034
[decode VJP] layer=4 group=29/29 position=11 seconds=0.034
[allocation] group 1/29 complete
[allocation] group 2/29 complete
[allocation] group 3/29 complete
[allocation] group 4/29 complete
[allocation] group 5/29 complete
[allocation] group 6/29 complete
[allocation] group 7/29 complete
[allocation] group 8/29 complete
[allocation] group 9/29 complete
[allocation] group 10/29 complete
[allocation] group 11/29 complete
[allocation] group 12/29 complete
[allocation] group 13/29 complete
[allocation] group 14/29 complete
[allocation] group 15/29 complete
[allocation] group 16/29 complete
[allocation] group 17/29 complete
[allocation] group 18/29 complete
[allocation] group 19/29 complete
[allocation] group 20/29 complete
[allocation] group 21/29 complete
[allocation] group 22/29 complete
[allocation] group 23/29 complete
[allocation] group 24/29 complete
[allocation] group 25/29 complete
[allocation] group 26/29 complete
[allocation] group 27/29 complete
[allocation] group 28/29 complete
[allocation] group 29/29 complete
[decode replay] layer=4 group=1/29
[decode replay] layer=4 group=2/29
[decode replay] layer=4 group=3/29
[decode replay] layer=4 group=4/29
[decode replay] layer=4 group=5/29
[decode replay] layer=4 group=6/29
[decode replay] layer=4 group=7/29
[decode replay] layer=4 group=8/29
[decode replay] layer=4 group=9/29
[decode replay] layer=4 group=10/29
[decode replay] layer=4 group=11/29
[decode replay] layer=4 group=12/29
[decode replay] layer=4 group=13/29
[decode replay] layer=4 group=14/29
[decode replay] layer=4 group=15/29
[decode replay] layer=4 group=16/29
[decode replay] layer=4 group=17/29
[decode replay] layer=4 group=18/29
[decode replay] layer=4 group=19/29
[decode replay] layer=4 group=20/29
[decode replay] layer=4 group=21/29
[decode replay] layer=4 group=22/29
[decode replay] layer=4 group=23/29
[decode replay] layer=4 group=24/29
[decode replay] layer=4 group=25/29
[decode replay] layer=4 group=26/29
[decode replay] layer=4 group=27/29
[decode replay] layer=4 group=28/29
[decode replay] layer=4 group=29/29
 layer                                         policy  rate_pages_per_expert  groups  exact_d1_crossing_rate  mean_local_qenergy_damage  mean_current_hidden_mse  mean_next_mixer_cache_mse
     4                     d1_strict_tau_0.0625_eta_0                    725      29                0.034483                   0.000186             9.913551e-08               6.617171e-07
     4                d1_strict_tau_0.0625_eta_0.0001                    725      29                0.034483                   0.000196             1.046290e-07               7.013149e-07
     4               d1_strict_tau_0.0625_eta_0.00025                    725      29                0.000000                   0.000211             1.121202e-07               7.320392e-07
     4                d1_strict_tau_0.0625_eta_0.0005                    725      29                0.000000                   0.000240             1.251012e-07               8.037818e-07
     4                 d1_strict_tau_0.0625_eta_0.001                    725      29                0.034483                   0.000288             1.478460e-07               9.404943e-07
     4                 d1_strict_tau_0.0625_eta_5e-05                    725      29                0.000000                   0.000191             1.022060e-07               6.867604e-07
     4 exact_combined_local_column_generated_frontier                    725      29                0.034483                   0.000186             9.913551e-08               6.617171e-07
     4     regenerated_router_square_column_generated                    725      29                0.068966                   0.000189             1.006174e-07               6.669096e-07
