[layer 0] decoding 103 active experts
[layer 0] decoded 16/103 experts
[layer 0] decoded 32/103 experts
[layer 0] decoded 48/103 experts
[layer 0] decoded 64/103 experts
[layer 0] decoded 80/103 experts
[layer 0] decoded 96/103 experts
[layer 0] decoded 103/103 experts
[layer 0] building 29 exact option geometries
[layer 0] built 8/29 geometries
[layer 0] built 16/29 geometries
[layer 0] built 24/29 geometries
[layer 0] built 29/29 geometries
[layer 0] wrote coarse geometry cache /workspace/pr13_d1_decode_slice_pilot_20260824_v2/cache/coarse_geometry_layer_00.pkl
[layer 0] column-generating 29 rate-360 geometries
[layer 0] refined 8/29 geometries
[layer 0] refined 16/29 geometries
[layer 0] refined 24/29 geometries
[layer 0] refined 29/29 geometries
[decode VJP] layer=0 group=1/29 position=1 seconds=0.043
[decode VJP] layer=0 group=2/29 position=2 seconds=0.037
[decode VJP] layer=0 group=3/29 position=3 seconds=0.037
[decode VJP] layer=0 group=4/29 position=4 seconds=0.034
[decode VJP] layer=0 group=5/29 position=5 seconds=0.037
[decode VJP] layer=0 group=6/29 position=6 seconds=0.034
[decode VJP] layer=0 group=7/29 position=7 seconds=0.034
[decode VJP] layer=0 group=8/29 position=8 seconds=0.034
[decode VJP] layer=0 group=9/29 position=9 seconds=0.034
[decode VJP] layer=0 group=10/29 position=10 seconds=0.034
[decode VJP] layer=0 group=11/29 position=1 seconds=0.038
[decode VJP] layer=0 group=12/29 position=2 seconds=0.034
[decode VJP] layer=0 group=13/29 position=3 seconds=0.037
[decode VJP] layer=0 group=14/29 position=4 seconds=0.034
[decode VJP] layer=0 group=15/29 position=5 seconds=0.034
[decode VJP] layer=0 group=16/29 position=6 seconds=0.036
[decode VJP] layer=0 group=17/29 position=7 seconds=0.036
[decode VJP] layer=0 group=18/29 position=8 seconds=0.036
[decode VJP] layer=0 group=19/29 position=1 seconds=0.038
[decode VJP] layer=0 group=20/29 position=2 seconds=0.034
[decode VJP] layer=0 group=21/29 position=3 seconds=0.036
[decode VJP] layer=0 group=22/29 position=4 seconds=0.034
[decode VJP] layer=0 group=23/29 position=5 seconds=0.035
[decode VJP] layer=0 group=24/29 position=6 seconds=0.036
[decode VJP] layer=0 group=25/29 position=7 seconds=0.034
[decode VJP] layer=0 group=26/29 position=8 seconds=0.035
[decode VJP] layer=0 group=27/29 position=9 seconds=0.036
[decode VJP] layer=0 group=28/29 position=10 seconds=0.038
[decode VJP] layer=0 group=29/29 position=11 seconds=0.034
[allocation] group 1/29 complete
[allocation] group 2/29 complete
[allocation] group 3/29 complete
[allocation] group 4/29 complete
[allocation] group 5/29 complete
[allocation] group 6/29 complete
[allocation] group 7/29 complete
[allocation] group 8/29 complete
[allocation] group 9/29 complete
[allocation] group 10/29 complete
[allocation] group 11/29 complete
[allocation] group 12/29 complete
[allocation] group 13/29 complete
[allocation] group 14/29 complete
[allocation] group 15/29 complete
[allocation] group 16/29 complete
[allocation] group 17/29 complete
[allocation] group 18/29 complete
[allocation] group 19/29 complete
[allocation] group 20/29 complete
[allocation] group 21/29 complete
[allocation] group 22/29 complete
[allocation] group 23/29 complete
[allocation] group 24/29 complete
[allocation] group 25/29 complete
[allocation] group 26/29 complete
[allocation] group 27/29 complete
[allocation] group 28/29 complete
[allocation] group 29/29 complete
[decode replay] layer=0 group=1/29
[decode replay] layer=0 group=2/29
[decode replay] layer=0 group=3/29
[decode replay] layer=0 group=4/29
[decode replay] layer=0 group=5/29
[decode replay] layer=0 group=6/29
[decode replay] layer=0 group=7/29
[decode replay] layer=0 group=8/29
[decode replay] layer=0 group=9/29
[decode replay] layer=0 group=10/29
[decode replay] layer=0 group=11/29
[decode replay] layer=0 group=12/29
[decode replay] layer=0 group=13/29
[decode replay] layer=0 group=14/29
[decode replay] layer=0 group=15/29
[decode replay] layer=0 group=16/29
[decode replay] layer=0 group=17/29
[decode replay] layer=0 group=18/29
[decode replay] layer=0 group=19/29
[decode replay] layer=0 group=20/29
[decode replay] layer=0 group=21/29
[decode replay] layer=0 group=22/29
[decode replay] layer=0 group=23/29
[decode replay] layer=0 group=24/29
[decode replay] layer=0 group=25/29
[decode replay] layer=0 group=26/29
[decode replay] layer=0 group=27/29
[decode replay] layer=0 group=28/29
[decode replay] layer=0 group=29/29
 layer                                         policy  rate_pages_per_expert  groups  exact_d1_crossing_rate  mean_local_qenergy_damage  mean_current_hidden_mse  mean_next_mixer_cache_mse
     0                     d1_strict_tau_0.0625_eta_0                    360      29                0.068966                   0.000048             2.494783e-08               6.427839e-07
     0                d1_strict_tau_0.0625_eta_0.0001                    360      29                0.034483                   0.000050             2.612516e-08               6.738482e-07
     0               d1_strict_tau_0.0625_eta_0.00025                    360      29                0.000000                   0.000054             2.816880e-08               7.314585e-07
     0                d1_strict_tau_0.0625_eta_0.0005                    360      29                0.000000                   0.000061             3.149455e-08               8.097916e-07
     0                 d1_strict_tau_0.0625_eta_0.001                    360      29                0.000000                   0.000074             3.717535e-08               9.632283e-07
     0                 d1_strict_tau_0.0625_eta_5e-05                    360      29                0.068966                   0.000049             2.548811e-08               6.657614e-07
     0 exact_combined_local_column_generated_frontier                    360      29                0.068966                   0.000048             2.494783e-08               6.427839e-07
     0     regenerated_router_square_column_generated                    360      29                0.068966                   0.000048             2.536433e-08               6.460136e-07
