[layer 0] loaded coarse geometry cache /workspace/pr13_d1_decode_slice_pilot_20260824_v2/cache/coarse_geometry_layer_00.pkl
[layer 0] column-generating 29 rate-725 geometries
[layer 0] refined 8/29 geometries
[layer 0] refined 16/29 geometries
[layer 0] refined 24/29 geometries
[layer 0] refined 29/29 geometries
[decode VJP] layer=0 group=1/29 position=1 seconds=0.051
[decode VJP] layer=0 group=2/29 position=2 seconds=0.043
[decode VJP] layer=0 group=3/29 position=3 seconds=0.052
[decode VJP] layer=0 group=4/29 position=4 seconds=0.055
[decode VJP] layer=0 group=5/29 position=5 seconds=0.053
[decode VJP] layer=0 group=6/29 position=6 seconds=0.054
[decode VJP] layer=0 group=7/29 position=7 seconds=0.053
[decode VJP] layer=0 group=8/29 position=8 seconds=0.049
[decode VJP] layer=0 group=9/29 position=9 seconds=0.061
[decode VJP] layer=0 group=10/29 position=10 seconds=0.063
[decode VJP] layer=0 group=11/29 position=1 seconds=0.053
[decode VJP] layer=0 group=12/29 position=2 seconds=0.049
[decode VJP] layer=0 group=13/29 position=3 seconds=0.050
[decode VJP] layer=0 group=14/29 position=4 seconds=0.046
[decode VJP] layer=0 group=15/29 position=5 seconds=0.046
[decode VJP] layer=0 group=16/29 position=6 seconds=0.048
[decode VJP] layer=0 group=17/29 position=7 seconds=0.047
[decode VJP] layer=0 group=18/29 position=8 seconds=0.038
[decode VJP] layer=0 group=19/29 position=1 seconds=0.050
[decode VJP] layer=0 group=20/29 position=2 seconds=0.061
[decode VJP] layer=0 group=21/29 position=3 seconds=0.080
[decode VJP] layer=0 group=22/29 position=4 seconds=0.060
[decode VJP] layer=0 group=23/29 position=5 seconds=0.063
[decode VJP] layer=0 group=24/29 position=6 seconds=0.066
[decode VJP] layer=0 group=25/29 position=7 seconds=0.063
[decode VJP] layer=0 group=26/29 position=8 seconds=0.065
[decode VJP] layer=0 group=27/29 position=9 seconds=0.067
[decode VJP] layer=0 group=28/29 position=10 seconds=0.065
[decode VJP] layer=0 group=29/29 position=11 seconds=0.066
[allocation] group 1/29 complete
[allocation] group 2/29 complete
[allocation] group 3/29 complete
[allocation] group 4/29 complete
[allocation] group 5/29 complete
[allocation] group 6/29 complete
[allocation] group 7/29 complete
[allocation] group 8/29 complete
[allocation] group 9/29 complete
[allocation] group 10/29 complete
[allocation] group 11/29 complete
[allocation] group 12/29 complete
[allocation] group 13/29 complete
[allocation] group 14/29 complete
[allocation] group 15/29 complete
[allocation] group 16/29 complete
[allocation] group 17/29 complete
[allocation] group 18/29 complete
[allocation] group 19/29 complete
[allocation] group 20/29 complete
[allocation] group 21/29 complete
[allocation] group 22/29 complete
[allocation] group 23/29 complete
[allocation] group 24/29 complete
[allocation] group 25/29 complete
[allocation] group 26/29 complete
[allocation] group 27/29 complete
[allocation] group 28/29 complete
[allocation] group 29/29 complete
[decode replay] layer=0 group=1/29
[decode replay] layer=0 group=2/29
[decode replay] layer=0 group=3/29
[decode replay] layer=0 group=4/29
[decode replay] layer=0 group=5/29
[decode replay] layer=0 group=6/29
[decode replay] layer=0 group=7/29
[decode replay] layer=0 group=8/29
[decode replay] layer=0 group=9/29
[decode replay] layer=0 group=10/29
[decode replay] layer=0 group=11/29
[decode replay] layer=0 group=12/29
[decode replay] layer=0 group=13/29
[decode replay] layer=0 group=14/29
[decode replay] layer=0 group=15/29
[decode replay] layer=0 group=16/29
[decode replay] layer=0 group=17/29
[decode replay] layer=0 group=18/29
[decode replay] layer=0 group=19/29
[decode replay] layer=0 group=20/29
[decode replay] layer=0 group=21/29
[decode replay] layer=0 group=22/29
[decode replay] layer=0 group=23/29
[decode replay] layer=0 group=24/29
[decode replay] layer=0 group=25/29
[decode replay] layer=0 group=26/29
[decode replay] layer=0 group=27/29
[decode replay] layer=0 group=28/29
[decode replay] layer=0 group=29/29
 layer                                         policy  rate_pages_per_expert  groups  exact_d1_crossing_rate  mean_local_qenergy_damage  mean_current_hidden_mse  mean_next_mixer_cache_mse
     0                     d1_strict_tau_0.0625_eta_0                    725      29                0.034483               5.891167e-07             9.231472e-10               6.200756e-08
     0                d1_strict_tau_0.0625_eta_0.0001                    725      29                0.000000               3.432526e-06             2.788347e-09               1.274658e-07
     0               d1_strict_tau_0.0625_eta_0.00025                    725      29                0.034483               7.573201e-06             5.023908e-09               1.939900e-07
     0                d1_strict_tau_0.0625_eta_0.0005                    725      29                0.000000               1.475243e-05             8.810832e-09               2.905907e-07
     0                 d1_strict_tau_0.0625_eta_0.001                    725      29                0.000000               2.830474e-05             1.510166e-08               4.476837e-07
     0                 d1_strict_tau_0.0625_eta_5e-05                    725      29                0.034483               1.993863e-06             1.959307e-09               1.015771e-07
     0 exact_combined_local_column_generated_frontier                    725      29                0.034483               5.891167e-07             9.231472e-10               6.200756e-08
     0     regenerated_router_square_column_generated                    725      29                0.034483               6.054212e-07             9.452844e-10               6.287986e-08
