[layer 6] decoding 76 active experts
[layer 6] decoded 16/76 experts
[layer 6] decoded 32/76 experts
[layer 6] decoded 48/76 experts
[layer 6] decoded 64/76 experts
[layer 6] decoded 76/76 experts
[layer 6] building 29 exact option geometries
[layer 6] built 8/29 geometries
[layer 6] built 16/29 geometries
[layer 6] built 24/29 geometries
[layer 6] built 29/29 geometries
[layer 6] wrote coarse geometry cache /workspace/pr13_d1_decode_slice_pilot_20260824_v2/cache/coarse_geometry_layer_06.pkl
[layer 6] column-generating 29 rate-749 geometries
[layer 6] refined 8/29 geometries
[layer 6] refined 16/29 geometries
[layer 6] refined 24/29 geometries
[layer 6] refined 29/29 geometries
[decode VJP] layer=6 group=1/29 position=1 seconds=0.039
[decode VJP] layer=6 group=2/29 position=2 seconds=0.032
[decode VJP] layer=6 group=3/29 position=3 seconds=0.032
[decode VJP] layer=6 group=4/29 position=4 seconds=0.033
[decode VJP] layer=6 group=5/29 position=5 seconds=0.033
[decode VJP] layer=6 group=6/29 position=6 seconds=0.032
[decode VJP] layer=6 group=7/29 position=7 seconds=0.032
[decode VJP] layer=6 group=8/29 position=8 seconds=0.033
[decode VJP] layer=6 group=9/29 position=9 seconds=0.033
[decode VJP] layer=6 group=10/29 position=10 seconds=0.032
[decode VJP] layer=6 group=11/29 position=1 seconds=0.046
[decode VJP] layer=6 group=12/29 position=2 seconds=0.048
[decode VJP] layer=6 group=13/29 position=3 seconds=0.048
[decode VJP] layer=6 group=14/29 position=4 seconds=0.037
[decode VJP] layer=6 group=15/29 position=5 seconds=0.033
[decode VJP] layer=6 group=16/29 position=6 seconds=0.032
[decode VJP] layer=6 group=17/29 position=7 seconds=0.032
[decode VJP] layer=6 group=18/29 position=8 seconds=0.032
[decode VJP] layer=6 group=19/29 position=1 seconds=0.032
[decode VJP] layer=6 group=20/29 position=2 seconds=0.032
[decode VJP] layer=6 group=21/29 position=3 seconds=0.032
[decode VJP] layer=6 group=22/29 position=4 seconds=0.033
[decode VJP] layer=6 group=23/29 position=5 seconds=0.032
[decode VJP] layer=6 group=24/29 position=6 seconds=0.033
[decode VJP] layer=6 group=25/29 position=7 seconds=0.033
[decode VJP] layer=6 group=26/29 position=8 seconds=0.033
[decode VJP] layer=6 group=27/29 position=9 seconds=0.033
[decode VJP] layer=6 group=28/29 position=10 seconds=0.033
[decode VJP] layer=6 group=29/29 position=11 seconds=0.033
[allocation] group 1/29 complete
[allocation] group 2/29 complete
[allocation] group 3/29 complete
[allocation] group 4/29 complete
[allocation] group 5/29 complete
[allocation] group 6/29 complete
[allocation] group 7/29 complete
[allocation] group 8/29 complete
[allocation] group 9/29 complete
[allocation] group 10/29 complete
[allocation] group 11/29 complete
[allocation] group 12/29 complete
[allocation] group 13/29 complete
[allocation] group 14/29 complete
[allocation] group 15/29 complete
[allocation] group 16/29 complete
[allocation] group 17/29 complete
[allocation] group 18/29 complete
[allocation] group 19/29 complete
[allocation] group 20/29 complete
[allocation] group 21/29 complete
[allocation] group 22/29 complete
[allocation] group 23/29 complete
[allocation] group 24/29 complete
[allocation] group 25/29 complete
[allocation] group 26/29 complete
[allocation] group 27/29 complete
[allocation] group 28/29 complete
[allocation] group 29/29 complete
[decode replay] layer=6 group=1/29
[decode replay] layer=6 group=2/29
[decode replay] layer=6 group=3/29
[decode replay] layer=6 group=4/29
[decode replay] layer=6 group=5/29
[decode replay] layer=6 group=6/29
[decode replay] layer=6 group=7/29
[decode replay] layer=6 group=8/29
[decode replay] layer=6 group=9/29
[decode replay] layer=6 group=10/29
[decode replay] layer=6 group=11/29
[decode replay] layer=6 group=12/29
[decode replay] layer=6 group=13/29
[decode replay] layer=6 group=14/29
[decode replay] layer=6 group=15/29
[decode replay] layer=6 group=16/29
[decode replay] layer=6 group=17/29
[decode replay] layer=6 group=18/29
[decode replay] layer=6 group=19/29
[decode replay] layer=6 group=20/29
[decode replay] layer=6 group=21/29
[decode replay] layer=6 group=22/29
[decode replay] layer=6 group=23/29
[decode replay] layer=6 group=24/29
[decode replay] layer=6 group=25/29
[decode replay] layer=6 group=26/29
[decode replay] layer=6 group=27/29
[decode replay] layer=6 group=28/29
[decode replay] layer=6 group=29/29
 layer                                         policy  rate_pages_per_expert  groups  exact_d1_crossing_rate  mean_local_qenergy_damage  mean_current_hidden_mse  mean_next_mixer_cache_mse
     6                     d1_strict_tau_0.0625_eta_0                    749      29                0.068966                   0.000223             1.204098e-07                   0.000011
     6                d1_strict_tau_0.0625_eta_0.0001                    749      29                0.068966                   0.000238             1.283195e-07                   0.000012
     6               d1_strict_tau_0.0625_eta_0.00025                    749      29                0.000000                   0.000261             1.390957e-07                   0.000012
     6                d1_strict_tau_0.0625_eta_0.0005                    749      29                0.000000                   0.000301             1.594314e-07                   0.000014
     6                 d1_strict_tau_0.0625_eta_0.001                    749      29                0.000000                   0.000370             1.923459e-07                   0.000016
     6                 d1_strict_tau_0.0625_eta_5e-05                    749      29                0.034483                   0.000230             1.241308e-07                   0.000011
     6 exact_combined_local_column_generated_frontier                    749      29                0.068966                   0.000223             1.204098e-07                   0.000011
     6            pr13_router_square_column_generated                    749      29                0.068966                   0.000228             1.226345e-07                   0.000011
     6     regenerated_router_square_column_generated                    749      29                0.068966                   0.000228             1.226345e-07                   0.000011
