[layer 0] decoding 103 active experts
[layer 0] decoded 16/103 experts
[layer 0] decoded 32/103 experts
[layer 0] decoded 48/103 experts
[layer 0] decoded 64/103 experts
[layer 0] decoded 80/103 experts
[layer 0] decoded 96/103 experts
[layer 0] decoded 103/103 experts
[layer 0] building 29 exact option geometries
[layer 0] built 8/29 geometries
[layer 0] built 16/29 geometries
[layer 0] built 24/29 geometries
[layer 0] built 29/29 geometries
[layer 0] column-generating 29 rate-749 geometries
[layer 0] refined 8/29 geometries
[layer 0] refined 16/29 geometries
[layer 0] refined 24/29 geometries
[layer 0] refined 29/29 geometries
[decode VJP] layer=0 group=1/29 position=1 seconds=0.058
[decode VJP] layer=0 group=2/29 position=2 seconds=0.058
[decode VJP] layer=0 group=3/29 position=3 seconds=0.052
[decode VJP] layer=0 group=4/29 position=4 seconds=0.067
[decode VJP] layer=0 group=5/29 position=5 seconds=0.069
[decode VJP] layer=0 group=6/29 position=6 seconds=0.065
[decode VJP] layer=0 group=7/29 position=7 seconds=0.067
[decode VJP] layer=0 group=8/29 position=8 seconds=0.068
[decode VJP] layer=0 group=9/29 position=9 seconds=0.065
[decode VJP] layer=0 group=10/29 position=10 seconds=0.073
[decode VJP] layer=0 group=11/29 position=1 seconds=0.075
[decode VJP] layer=0 group=12/29 position=2 seconds=0.071
[decode VJP] layer=0 group=13/29 position=3 seconds=0.068
[decode VJP] layer=0 group=14/29 position=4 seconds=0.062
[decode VJP] layer=0 group=15/29 position=5 seconds=0.074
[decode VJP] layer=0 group=16/29 position=6 seconds=0.073
[decode VJP] layer=0 group=17/29 position=7 seconds=0.073
[decode VJP] layer=0 group=18/29 position=8 seconds=0.054
[decode VJP] layer=0 group=19/29 position=1 seconds=0.057
[decode VJP] layer=0 group=20/29 position=2 seconds=0.073
[decode VJP] layer=0 group=21/29 position=3 seconds=0.069
[decode VJP] layer=0 group=22/29 position=4 seconds=0.069
[decode VJP] layer=0 group=23/29 position=5 seconds=0.068
[decode VJP] layer=0 group=24/29 position=6 seconds=0.071
[decode VJP] layer=0 group=25/29 position=7 seconds=0.066
[decode VJP] layer=0 group=26/29 position=8 seconds=0.068
[decode VJP] layer=0 group=27/29 position=9 seconds=0.066
[decode VJP] layer=0 group=28/29 position=10 seconds=0.068
[decode VJP] layer=0 group=29/29 position=11 seconds=0.065
[allocation] group 1/29 complete
[allocation] group 2/29 complete
[allocation] group 3/29 complete
[allocation] group 4/29 complete
[allocation] group 5/29 complete
[allocation] group 6/29 complete
[allocation] group 7/29 complete
[allocation] group 8/29 complete
[allocation] group 9/29 complete
[allocation] group 10/29 complete
[allocation] group 11/29 complete
[allocation] group 12/29 complete
[allocation] group 13/29 complete
[allocation] group 14/29 complete
[allocation] group 15/29 complete
[allocation] group 16/29 complete
[allocation] group 17/29 complete
[allocation] group 18/29 complete
[allocation] group 19/29 complete
[allocation] group 20/29 complete
[allocation] group 21/29 complete
[allocation] group 22/29 complete
[allocation] group 23/29 complete
[allocation] group 24/29 complete
[allocation] group 25/29 complete
[allocation] group 26/29 complete
[allocation] group 27/29 complete
[allocation] group 28/29 complete
[allocation] group 29/29 complete
[decode replay] layer=0 group=1/29
[decode replay] layer=0 group=2/29
[decode replay] layer=0 group=3/29
[decode replay] layer=0 group=4/29
[decode replay] layer=0 group=5/29
[decode replay] layer=0 group=6/29
[decode replay] layer=0 group=7/29
[decode replay] layer=0 group=8/29
[decode replay] layer=0 group=9/29
[decode replay] layer=0 group=10/29
[decode replay] layer=0 group=11/29
[decode replay] layer=0 group=12/29
[decode replay] layer=0 group=13/29
[decode replay] layer=0 group=14/29
[decode replay] layer=0 group=15/29
[decode replay] layer=0 group=16/29
[decode replay] layer=0 group=17/29
[decode replay] layer=0 group=18/29
[decode replay] layer=0 group=19/29
[decode replay] layer=0 group=20/29
[decode replay] layer=0 group=21/29
[decode replay] layer=0 group=22/29
[decode replay] layer=0 group=23/29
[decode replay] layer=0 group=24/29
[decode replay] layer=0 group=25/29
[decode replay] layer=0 group=26/29
[decode replay] layer=0 group=27/29
[decode replay] layer=0 group=28/29
[decode replay] layer=0 group=29/29
 layer                                         policy  rate_pages_per_expert  groups  exact_d1_crossing_rate  mean_local_qenergy_damage  mean_current_hidden_mse  mean_next_mixer_cache_mse
     0                     d1_strict_tau_0.0625_eta_0                    749      29                0.034483               3.947654e-07             7.764365e-10               5.725825e-08
     0                d1_strict_tau_0.0625_eta_0.0001                    749      29                0.000000               3.212569e-06             2.681013e-09               1.246809e-07
     0               d1_strict_tau_0.0625_eta_0.00025                    749      29                0.000000               7.440337e-06             4.996156e-09               1.958286e-07
     0                d1_strict_tau_0.0625_eta_0.0005                    749      29                0.000000               1.465669e-05             8.658039e-09               2.882103e-07
     0                 d1_strict_tau_0.0625_eta_0.001                    749      29                0.000000               2.822282e-05             1.503941e-08               4.507428e-07
     0                 d1_strict_tau_0.0625_eta_5e-05                    749      29                0.000000               1.795263e-06             1.819920e-09               9.894813e-08
     0 exact_combined_local_column_generated_frontier                    749      29                0.034483               3.947654e-07             7.764365e-10               5.725825e-08
     0            pr13_router_square_column_generated                    749      29                0.034483               4.025421e-07             7.846306e-10               6.023137e-08
     0     regenerated_router_square_column_generated                    749      29                0.034483               4.025421e-07             7.846306e-10               6.023137e-08
