[layer 6] decoding 76 active experts
[layer 6] decoded 16/76 experts
[layer 6] decoded 32/76 experts
[layer 6] decoded 48/76 experts
[layer 6] decoded 64/76 experts
[layer 6] decoded 76/76 experts
[layer 6] building 29 exact option geometries
[layer 6] built 8/29 geometries
[layer 6] built 16/29 geometries
[layer 6] built 24/29 geometries
[layer 6] built 29/29 geometries
[layer 6] column-generating 29 rate-384 geometries
[layer 6] refined 8/29 geometries
[layer 6] refined 16/29 geometries
[layer 6] refined 24/29 geometries
[layer 6] refined 29/29 geometries
[decode VJP] layer=6 group=1/29 position=1 seconds=0.047
[decode VJP] layer=6 group=2/29 position=2 seconds=0.040
[decode VJP] layer=6 group=3/29 position=3 seconds=0.048
[decode VJP] layer=6 group=4/29 position=4 seconds=0.048
[decode VJP] layer=6 group=5/29 position=5 seconds=0.049
[decode VJP] layer=6 group=6/29 position=6 seconds=0.048
[decode VJP] layer=6 group=7/29 position=7 seconds=0.049
[decode VJP] layer=6 group=8/29 position=8 seconds=0.049
[decode VJP] layer=6 group=9/29 position=9 seconds=0.046
[decode VJP] layer=6 group=10/29 position=10 seconds=0.046
[decode VJP] layer=6 group=11/29 position=1 seconds=0.046
[decode VJP] layer=6 group=12/29 position=2 seconds=0.046
[decode VJP] layer=6 group=13/29 position=3 seconds=0.046
[decode VJP] layer=6 group=14/29 position=4 seconds=0.046
[decode VJP] layer=6 group=15/29 position=5 seconds=0.046
[decode VJP] layer=6 group=16/29 position=6 seconds=0.046
[decode VJP] layer=6 group=17/29 position=7 seconds=0.046
[decode VJP] layer=6 group=18/29 position=8 seconds=0.046
[decode VJP] layer=6 group=19/29 position=1 seconds=0.046
[decode VJP] layer=6 group=20/29 position=2 seconds=0.046
[decode VJP] layer=6 group=21/29 position=3 seconds=0.048
[decode VJP] layer=6 group=22/29 position=4 seconds=0.047
[decode VJP] layer=6 group=23/29 position=5 seconds=0.047
[decode VJP] layer=6 group=24/29 position=6 seconds=0.060
[decode VJP] layer=6 group=25/29 position=7 seconds=0.047
[decode VJP] layer=6 group=26/29 position=8 seconds=0.047
[decode VJP] layer=6 group=27/29 position=9 seconds=0.047
[decode VJP] layer=6 group=28/29 position=10 seconds=0.047
[decode VJP] layer=6 group=29/29 position=11 seconds=0.047
[allocation] group 1/29 complete
[allocation] group 2/29 complete
[allocation] group 3/29 complete
[allocation] group 4/29 complete
[allocation] group 5/29 complete
[allocation] group 6/29 complete
[allocation] group 7/29 complete
[allocation] group 8/29 complete
[allocation] group 9/29 complete
[allocation] group 10/29 complete
[allocation] group 11/29 complete
[allocation] group 12/29 complete
[allocation] group 13/29 complete
[allocation] group 14/29 complete
[allocation] group 15/29 complete
[allocation] group 16/29 complete
[allocation] group 17/29 complete
[allocation] group 18/29 complete
[allocation] group 19/29 complete
[allocation] group 20/29 complete
[allocation] group 21/29 complete
[allocation] group 22/29 complete
[allocation] group 23/29 complete
[allocation] group 24/29 complete
[allocation] group 25/29 complete
[allocation] group 26/29 complete
[allocation] group 27/29 complete
[allocation] group 28/29 complete
[allocation] group 29/29 complete
[decode replay] layer=6 group=1/29
[decode replay] layer=6 group=2/29
[decode replay] layer=6 group=3/29
[decode replay] layer=6 group=4/29
[decode replay] layer=6 group=5/29
[decode replay] layer=6 group=6/29
[decode replay] layer=6 group=7/29
[decode replay] layer=6 group=8/29
[decode replay] layer=6 group=9/29
[decode replay] layer=6 group=10/29
[decode replay] layer=6 group=11/29
[decode replay] layer=6 group=12/29
[decode replay] layer=6 group=13/29
[decode replay] layer=6 group=14/29
[decode replay] layer=6 group=15/29
[decode replay] layer=6 group=16/29
[decode replay] layer=6 group=17/29
[decode replay] layer=6 group=18/29
[decode replay] layer=6 group=19/29
[decode replay] layer=6 group=20/29
[decode replay] layer=6 group=21/29
[decode replay] layer=6 group=22/29
[decode replay] layer=6 group=23/29
[decode replay] layer=6 group=24/29
[decode replay] layer=6 group=25/29
[decode replay] layer=6 group=26/29
[decode replay] layer=6 group=27/29
[decode replay] layer=6 group=28/29
[decode replay] layer=6 group=29/29
 layer                                         policy  rate_pages_per_expert  groups  exact_d1_crossing_rate  mean_local_qenergy_damage  mean_current_hidden_mse  mean_next_mixer_cache_mse
     6                     d1_strict_tau_0.0625_eta_0                    384      29                0.172414                   0.001767             8.697807e-07                   0.000066
     6                d1_strict_tau_0.0625_eta_0.0001                    384      29                0.103448                   0.001776             8.735457e-07                   0.000066
     6               d1_strict_tau_0.0625_eta_0.00025                    384      29                0.068966                   0.001798             8.862069e-07                   0.000068
     6                d1_strict_tau_0.0625_eta_0.0005                    384      29                0.034483                   0.001839             9.047593e-07                   0.000068
     6                 d1_strict_tau_0.0625_eta_0.001                    384      29                0.000000                   0.001918             9.418182e-07                   0.000071
     6                 d1_strict_tau_0.0625_eta_5e-05                    384      29                0.103448                   0.001770             8.715097e-07                   0.000067
     6 exact_combined_local_column_generated_frontier                    384      29                0.172414                   0.001767             8.697807e-07                   0.000066
     6            pr13_router_square_column_generated                    384      29                0.137931                   0.001797             8.836605e-07                   0.000067
     6     regenerated_router_square_column_generated                    384      29                0.137931                   0.001797             8.836605e-07                   0.000067
